Building deviceQuery...
make: Entering directory '/root/NVIDIA-BlackWell-Benchmark/RegularUnits/deviceQuery'
/usr/local/cuda/bin/nvcc -ccbin g++ -I../../../Common -m64 --threads 0 --std=c++11 -gencode arch=compute_50,code=sm_50 -gencode arch=compute_52,code=sm_52 -gencode arch=compute_60,code=sm_60 -gencode arch=compute_61,code=sm_61 -gencode arch=compute_70,code=sm_70 -gencode arch=compute_75,code=sm_75 -gencode arch=compute_80,code=sm_80 -gencode arch=compute_86,code=sm_86 -gencode arch=compute_89,code=sm_89 -gencode arch=compute_90,code=sm_90 -gencode arch=compute_90,code=compute_90 -o deviceQuery.o -c deviceQuery.cpp
/usr/local/cuda/bin/nvcc -ccbin g++ -m64 -gencode arch=compute_50,code=sm_50 -gencode arch=compute_52,code=sm_52 -gencode arch=compute_60,code=sm_60 -gencode arch=compute_61,code=sm_61 -gencode arch=compute_70,code=sm_70 -gencode arch=compute_75,code=sm_75 -gencode arch=compute_80,code=sm_80 -gencode arch=compute_86,code=sm_86 -gencode arch=compute_89,code=sm_89 -gencode arch=compute_90,code=sm_90 -gencode arch=compute_90,code=compute_90 -o deviceQuery deviceQuery.o 
mkdir -p ../../../bin/x86_64/linux/release
cp deviceQuery ../../../bin/x86_64/linux/release
make: Leaving directory '/root/NVIDIA-BlackWell-Benchmark/RegularUnits/deviceQuery'
Running deviceQuery...
/root/NVIDIA-BlackWell-Benchmark/RegularUnits/deviceQuery/deviceQuery Starting...

 CUDA Device Query (Runtime API) version (CUDART static linking)

Detected 1 CUDA Capable device(s)

Device 0: "NVIDIA B200"
  CUDA Driver Version / Runtime Version          12.8 / 12.8
  CUDA Capability Major/Minor version number:    10.0
  Total amount of global memory:                 182642 MBytes (191513886720 bytes)
MapSMtoCores for SM 10.0 is undefined.  Default to use 128 Cores/SM
MapSMtoCores for SM 10.0 is undefined.  Default to use 128 Cores/SM
  (148) Multiprocessors, (128) CUDA Cores/MP:    18944 CUDA Cores
  GPU Max Clock rate:                            1965 MHz (1.97 GHz)
  Memory Clock rate:                             3996 Mhz
  Memory Bus Width:                              7680-bit
  L2 Cache Size:                                 132644864 bytes
  Maximum Texture Dimension Size (x,y,z)         1D=(131072), 2D=(131072, 65536), 3D=(16384, 16384, 16384)
  Maximum Layered 1D Texture Size, (num) layers  1D=(32768), 2048 layers
  Maximum Layered 2D Texture Size, (num) layers  2D=(32768, 32768), 2048 layers
  Total amount of constant memory:               65536 bytes
  Total amount of shared memory per block:       49152 bytes
  Total shared memory per multiprocessor:        233472 bytes
  Total number of registers available per block: 65536
  Warp size:                                     32
  Maximum number of threads per multiprocessor:  2048
  Maximum number of threads per block:           1024
  Max dimension size of a thread block (x,y,z): (1024, 1024, 64)
  Max dimension size of a grid size    (x,y,z): (2147483647, 65535, 65535)
  Maximum memory pitch:                          2147483647 bytes
  Texture alignment:                             512 bytes
  Concurrent copy and kernel execution:          Yes with 4 copy engine(s)
  Run time limit on kernels:                     No
  Integrated GPU sharing Host Memory:            No
  Support host page-locked memory mapping:       Yes
  Alignment requirement for Surfaces:            Yes
  Device has ECC support:                        Enabled
  Device supports Unified Addressing (UVA):      Yes
  Device supports Managed Memory:                Yes
  Device supports Compute Preemption:            Yes
  Supports Cooperative Kernel Launch:            Yes
  Supports MultiDevice Co-op Kernel Launch:      Yes
  Device PCI Domain ID / Bus ID / location ID:   0 / 227 / 0
  Compute Mode:
     < Default (multiple host threads can use ::cudaSetDevice() with device simultaneously) >

deviceQuery, CUDA Driver = CUDART, CUDA Driver Version = 12.8, CUDA Runtime Version = 12.8, NumDevs = 1
Result = PASS
